Microchip MPLAB XC8 Compiler V3.10

Linker command line:

-W-3 \
  --edf=C:\Program Files\Microchip\xc8\v3.10\pic\dat\20250813170317_en.msgs \
  -cn -h+dist/default/production\ECU3.X.production.sym \
  --cmf=dist/default/production\ECU3.X.production.cmf -z -Q18F4580 \
  -oC:\Users\bmeno\AppData\Local\Temp\xcBs44c.1\driver_tmp_3.o \
  --defsym=__MPLAB_BUILD=1 --fixupoverflow=error \
  -Mdist/default/production/ECU3.X.production.map \
  --md=C:\Users\bmeno\AppData\Local\Temp\xcBs44c.1\driver_tmp_0.dat -E1 \
  -ver=XC8 Compiler -ACODE=00h-03000h -ACONST=00h-03000h \
  -ASMALLCONST=0600h-06FFhx42,03000h-03000h -AMEDIUMCONST=0600h-03000h \
  -ACOMRAM=01h-05Fh -AABS1=00h-05FFh -ABIGRAM=01h-05FFh \
  -ARAM=060h-0FFh,0100h-01FFhx5 -ABANK0=060h-0FFh -ABANK1=0100h-01FFh \
  -ABANK2=0200h-02FFh -ABANK3=0300h-03FFh -ABANK4=0400h-04FFh \
  -ABANK5=0500h-05FFh -ASFR=0D00h-0DFFhx2,0F00h-0F5Fh,0F60h-0FFFh \
  -ABIGSFR=0D00h-0FFFh -ACONFIG=0300000h-030000Dh -AIDLOC=0200000h-0200007h \
  -AEEDATA=0F00000h-0F000FFh -peeprom_data=EEDATA \
  -preset_vec=00h,intcode=8h,intcodelo=18h,sivt_lo,sivt_hi=CODE \
  -ppowerup=CODE,init -pramtop=0600h -psmallconst=SMALLCONST \
  -pmediumconst=MEDIUMCONST -pconst=CONST -AFARRAM=00h-00h \
  -prdata=COMRAM,nvrram=COMRAM,nvbit=COMRAM,rbss=COMRAM,rbit=COMRAM \
  -pfarbss=FARRAM,fardata=FARRAM,nvFARRAM=FARRAM \
  -pintsave_regs=BIGRAM,bigbss=BIGRAM,bigdata=BIGRAM -pbss=RAM \
  -pidata=CODE,irdata=CODE,ibigdata=CODE,ifardata=CODE -prparam=COMRAM \
  C:\Users\bmeno\AppData\Local\Temp\xcBs44c.1\driver_tmp_9.o \
  dist/default/production\ECU3.X.production.o 

Object code version is 3.11

Machine type is 18F4580



                Name                               Link     Load   Length Selector   Space Scale
C:\Users\bmeno\AppData\Local\Temp\xcBs44c.1\driver_tmp_9.o
                idloc                            200000   200000        8        0       5
                config                           300000   300000        E        0       4
                init                               2FFC     2FFC        4     17FE       0
                reset_vec                             0        0        4        0       0
dist/default/production\ECU3.X.production.o
                idloc                            200000   200000        8        0       5
                config                           300000   300000        E        0       4
                mediumconst                        2FD4     2FD4       28     17EA       0
                text15                             2BEE     2BEE       3C     15F7       0
                text14                             2B7A     2B7A       3A     15BD       0
                text13                             2B46     2B46       34     15A3       0
                text12                             2A9E     2A9E       14     154F       0
                text11                             2A7A     2A7A       12     153D       0
                text10                             2BB4     2BB4       3A     15DA       0
                text9                              2CFA     2CFA       94     167D       0
                text8                              2AB2     2AB2       18     1559       0
                text7                              2A8C     2A8C       12     1546       0
                text6                              2C2A     2C2A       64     1615       0
                text5                              2C8E     2C8E       6C     1647       0
                text4                              2E30     2E30      1A4     1718       0
                text3                              2ACA     2ACA       1A     1565       0
                text2                              2AE4     2AE4       1A     1572       0
                text1                              2D8E     2D8E       A2     16C7       0
                text0                              2AFE     2AFE       20     157F       0
                cstackCOMRAM                          1        1       1F        1       1
                dataCOMRAM                           26       26        1        1       1
                bssCOMRAM                            20       20        6        1       1
                cinit                              2B1E     2B1E       28     158F       0
                idataCOMRAM                        3000     3000        1     17FE       0

TOTAL           Name                               Link     Load   Length     Space
        CLASS   CODE           
                init                               2FFC     2FFC        4         0
                reset_vec                             0        0        4         0
                text15                             2BEE     2BEE       3C         0
                text14                             2B7A     2B7A       3A         0
                text13                             2B46     2B46       34         0
                text12                             2A9E     2A9E       14         0
                text11                             2A7A     2A7A       12         0
                text10                             2BB4     2BB4       3A         0
                text9                              2CFA     2CFA       94         0
                text8                              2AB2     2AB2       18         0
                text7                              2A8C     2A8C       12         0
                text6                              2C2A     2C2A       64         0
                text5                              2C8E     2C8E       6C         0
                text4                              2E30     2E30      1A4         0
                text3                              2ACA     2ACA       1A         0
                text2                              2AE4     2AE4       1A         0
                text1                              2D8E     2D8E       A2         0
                text0                              2AFE     2AFE       20         0
                cinit                              2B1E     2B1E       28         0
                idataCOMRAM                        3000     3000        1         0

        CLASS   CONST          

        CLASS   SMALLCONST     

        CLASS   MEDIUMCONST    
                mediumconst                        2FD4     2FD4       28         0

        CLASS   COMRAM         
                cstackCOMRAM                          1        1       1F         1
                dataCOMRAM                           26       26        1         1
                bssCOMRAM                            20       20        6         1

        CLASS   ABS1           

        CLASS   BIGRAM         

        CLASS   RAM            

        CLASS   BANK0          

        CLASS   BANK1          

        CLASS   BANK2          

        CLASS   BANK3          

        CLASS   BANK4          

        CLASS   BANK5          

        CLASS   SFR            

        CLASS   BIGSFR         

        CLASS   CONFIG         
                config                           300000   300000        E         4

        CLASS   IDLOC          
                idloc                            200000   200000        8         5

        CLASS   EEDATA         

        CLASS   FARRAM         

        CLASS   HEAP           

        CLASS   STACK          



SEGMENTS        Name                           Load    Length   Top    Selector   Space  Class

                reset_vec                      000000  000004  000004         0       0  CODE    
                cstackCOMRAM                   000001  000026  000027         1       1  COMRAM  
                text11                         002A7A  000012  002A8C      153D       0  CODE    
                text7                          002A8C  000012  002A9E      1546       0  CODE    
                text12                         002A9E  000014  002AB2      154F       0  CODE    
                text8                          002AB2  000018  002ACA      1559       0  CODE    
                text3                          002ACA  00001A  002AE4      1565       0  CODE    
                text2                          002AE4  00001A  002AFE      1572       0  CODE    
                text0                          002AFE  000020  002B1E      157F       0  CODE    
                cinit                          002B1E  000028  002B46      158F       0  CODE    
                text13                         002B46  000034  002B7A      15A3       0  CODE    
                text14                         002B7A  00003A  002BB4      15BD       0  CODE    
                text10                         002BB4  00003A  002BEE      15DA       0  CODE    
                text15                         002BEE  00003C  002C2A      15F7       0  CODE    
                text6                          002C2A  000064  002C8E      1615       0  CODE    
                text5                          002C8E  00006C  002CFA      1647       0  CODE    
                text9                          002CFA  000094  002D8E      167D       0  CODE    
                text1                          002D8E  0000A2  002E30      16C7       0  CODE    
                text4                          002E30  0001A4  002FD4      1718       0  CODE    
                mediumconst                    002FD4  000028  002FFC      17EA       0  MEDIUMCO
                init                           002FFC  000005  003001      17FE       0  CODE    


UNUSED ADDRESS RANGES

        Name                Unused          Largest block    Delta
        BANK0            000060-0000FF               A0
        BANK1            000100-0001FF              100
        BANK2            000200-0002FF              100
        BANK3            000300-0003FF              100
        BANK4            000400-0004FF              100
        BANK5            000500-0005FF              100
        BIGRAM           000027-0005FF              5D9
        BIGSFR           000D00-000FFF              300
        CODE             000004-002A79             2A76
        COMRAM           000027-00005F               39
        CONST            000004-002A79             2A76
        EEDATA           F00000-F000FF              100
        MEDIUMCONST      000600-002A79             247A
        RAM              000060-0005FF              100
        SFR              000D00-000FFF              100
        SMALLCONST       000600-002A79              100

                                  Symbol Table

?_get_msg_id_std               cstackCOMRAM 000001
_BRG16                         (abs)        007DC3
_BRGCON1                       (abs)        000F70
_BRGCON2                       (abs)        000F71
_BRGCON3                       (abs)        000F72
_BRGH                          (abs)        007D62
_CANCON                        (abs)        000F6F
_CANSTAT                       (abs)        000F6E
_CREN                          (abs)        007D5C
_ECANCON                       (abs)        000F77
_GIE                           (abs)        007F97
_PEIE                          (abs)        007F96
_PORTB                         (abs)        000F81
_PORTD                         (abs)        000F83
_PSA                           (abs)        007EAB
_RC0                           (abs)        007C10
_RC1                           (abs)        007C11
_RC2                           (abs)        007C12
_RCIF                          (abs)        007CF5
_RCREG                         (abs)        000FAE
_RD7                           (abs)        007C1F
_RX9                           (abs)        007D5E
_RXB0CON                       (abs)        000F60
_RXB0CONbits                   (abs)        000F60
_RXB0D0                        (abs)        000F66
_RXB0DLC                       (abs)        000F65
_RXB0FUL                       (abs)        007B07
_RXB0IF                        (abs)        007D20
_RXB0SIDH                      (abs)        000F61
_RXB0SIDL                      (abs)        000F62
_RXFCON0                       (abs)        000DD4
_SENDB                         (abs)        007D63
_SPBRG                         (abs)        000FAF
_SPEN                          (abs)        007D5F
_SYNC                          (abs)        007D64
_T08BIT                        (abs)        007EAE
_T0CS                          (abs)        007EAD
_TMR0                          (abs)        000FD6
_TMR0IE                        (abs)        007F95
_TMR0IF                        (abs)        007F92
_TMR0ON                        (abs)        007EAF
_TRISB                         (abs)        000F93
_TRISB2                        (abs)        007C9A
_TRISB3                        (abs)        007C9B
_TRISC                         (abs)        000F94
_TRISC6                        (abs)        007CA6
_TRISC7                        (abs)        007CA7
_TRISD                         (abs)        000F95
_TRISD7                        (abs)        007CAF
_TX9                           (abs)        007D66
_TXB0D0                        (abs)        000F46
_TXB0DLC                       (abs)        000F45
_TXB0EIDH                      (abs)        000F43
_TXB0EIDL                      (abs)        000F44
_TXB0REQ                       (abs)        007A03
_TXB0SIDH                      (abs)        000F41
_TXB0SIDL                      (abs)        000F42
_TXEN                          (abs)        007D65
_TXIF                          (abs)        007CF4
_TXREG                         (abs)        000FAD
__HRAM                         (abs)        000000
__H__absolute__                __absolute__ 000000
__Habs1                        abs1         000000
__Hbank0                       bank0        000000
__Hbank1                       bank1        000000
__Hbank2                       bank2        000000
__Hbank3                       bank3        000000
__Hbank4                       bank4        000000
__Hbank5                       bank5        000000
__Hbigbss                      bigbss       000000
__Hbigdata                     bigdata      000000
__Hbigram                      bigram       000000
__Hbigsfr                      bigsfr       000000
__Hbss                         bss          000000
__HbssCOMRAM                   bssCOMRAM    000000
__Hcinit                       cinit        000000
__Hclrtext                     clrtext      000000
__Hcomram                      comram       000000
__Hconfig                      config       30000E
__Hconst                       const        000000
__HcstackCOMRAM                cstackCOMRAM 000000
__Hdata                        data         000000
__HdataCOMRAM                  dataCOMRAM   000000
__Heeprom_data                 eeprom_data  000000
__Hfarbss                      farbss       000000
__Hfardata                     fardata      000000
__Hheap                        heap         000000
__Hibigdata                    ibigdata     000000
__Hidata                       idata        000000
__HidataCOMRAM                 idataCOMRAM  000000
__Hidloc                       idloc        200008
__Hifardata                    ifardata     000000
__Hinit                        init         003000
__Hintcode                     intcode      000008
__Hintcode_body                intcode_body 000000
__Hintcodelo                   intcodelo    000018
__Hintentry                    intentry     000000
__Hintret                      intret       000000
__Hintsave_regs                intsave_regs 000000
__Hirdata                      irdata       000000
__Hmediumconst                 mediumconst  002FFC
__HnvFARRAM                    nvFARRAM     000000
__Hnvbit                       nvbit        000000
__Hnvrram                      nvrram       000000
__Hparam                       rparam       000000
__Hpowerup                     powerup      000000
__Hram                         ram          000000
__Hramtop                      ramtop       000600
__Hrbit                        rbit         000000
__Hrbss                        rbss         000000
__Hrdata                       rdata        000000
__Hreset_vec                   reset_vec    000004
__Hrparam                      rparam       000000
__Hsfr                         sfr          000000
__Hsivt_hi                     sivt_hi      000000
__Hsivt_lo                     sivt_lo      000018
__Hsmallconst                  smallconst   000000
__Hspace_0                     (abs)        003001
__Hspace_1                     (abs)        000027
__Hspace_2                     (abs)        000000
__Hspace_4                     (abs)        60000E
__Hstack                       stack        000000
__Hstruct                      struct       000000
__Htemp                        temp         000000
__Htext                        text         000000
__Htext0                       text0        000000
__Htext1                       text1        000000
__Htext10                      text10       000000
__Htext11                      text11       000000
__Htext12                      text12       000000
__Htext13                      text13       000000
__Htext14                      text14       000000
__Htext15                      text15       000000
__Htext2                       text2        000000
__Htext3                       text3        000000
__Htext4                       text4        000000
__Htext5                       text5        000000
__Htext6                       text6        000000
__Htext7                       text7        000000
__Htext8                       text8        000000
__Htext9                       text9        000000
__LRAM                         (abs)        000001
__L__absolute__                __absolute__ 000000
__Labs1                        abs1         000000
__Lbank0                       bank0        000000
__Lbank1                       bank1        000000
__Lbank2                       bank2        000000
__Lbank3                       bank3        000000
__Lbank4                       bank4        000000
__Lbank5                       bank5        000000
__Lbigbss                      bigbss       000000
__Lbigdata                     bigdata      000000
__Lbigram                      bigram       000000
__Lbigsfr                      bigsfr       000000
__Lbss                         bss          000000
__LbssCOMRAM                   bssCOMRAM    000000
__Lcinit                       cinit        000000
__Lclrtext                     clrtext      000000
__Lcomram                      comram       000000
__Lconfig                      config       000000
__Lconst                       const        000000
__LcstackCOMRAM                cstackCOMRAM 000000
__Ldata                        data         000000
__LdataCOMRAM                  dataCOMRAM   000000
__Leeprom_data                 eeprom_data  000000
__Lfarbss                      farbss       000000
__Lfardata                     fardata      000000
__Lheap                        heap         000000
__Libigdata                    ibigdata     000000
__Lidata                       idata        000000
__LidataCOMRAM                 idataCOMRAM  000000
__Lidloc                       idloc        000000
__Lifardata                    ifardata     000000
__Linit                        init         002FFC
__Lintcode                     intcode      000008
__Lintcode_body                intcode_body 000000
__Lintcodelo                   intcodelo    000018
__Lintentry                    intentry     000000
__Lintret                      intret       000000
__Lintsave_regs                intsave_regs 000000
__Lirdata                      irdata       000000
__Lmediumconst                 mediumconst  002FD4
__LnvFARRAM                    nvFARRAM     000000
__Lnvbit                       nvbit        000000
__Lnvrram                      nvrram       000000
__Lparam                       rparam       000000
__Lpowerup                     powerup      000000
__Lram                         ram          000000
__Lramtop                      ramtop       000600
__Lrbit                        rbit         000000
__Lrbss                        rbss         000000
__Lrdata                       rdata        000000
__Lreset_vec                   reset_vec    000000
__Lrparam                      rparam       000000
__Lsfr                         sfr          000000
__Lsivt_hi                     sivt_hi      000000
__Lsivt_lo                     sivt_lo      000018
__Lsmallconst                  smallconst   000000
__Lspace_0                     (abs)        000000
__Lspace_1                     (abs)        000000
__Lspace_2                     (abs)        000000
__Lspace_4                     (abs)        000000
__Lstack                       stack        000000
__Lstruct                      struct       000000
__Ltemp                        temp         000000
__Ltext                        text         000000
__Ltext0                       text0        000000
__Ltext1                       text1        000000
__Ltext10                      text10       000000
__Ltext11                      text11       000000
__Ltext12                      text12       000000
__Ltext13                      text13       000000
__Ltext14                      text14       000000
__Ltext15                      text15       000000
__Ltext2                       text2        000000
__Ltext3                       text3        000000
__Ltext4                       text4        000000
__Ltext5                       text5        000000
__Ltext6                       text6        000000
__Ltext7                       text7        000000
__Ltext8                       text8        000000
__Ltext9                       text9        000000
__S0                           (abs)        003001
__S1                           (abs)        000027
__S4                           (abs)        000000
__S5                           (abs)        000000
___heap_hi                     (abs)        000000
___heap_lo                     (abs)        000000
___inthi_sp                    stack        000000
___inthi_stack_hi              stack        000000
___inthi_stack_lo              stack        000000
___intlo_sp                    stack        000000
___intlo_stack_hi              stack        000000
___intlo_stack_lo              stack        000000
___param_bank                  (abs)        000000
___rparam_used                 (abs)        000001
___sp                          stack        000000
___stack_hi                    stack        000000
___stack_lo                    stack        000000
__accesstop                    (abs)        000060
__activetblptr                 (abs)        000002
__end_of__initialization       cinit        002B3C
__end_of_blink                 text6        002C8E
__end_of_can_receive           text9        002D8E
__end_of_clcd_print            text5        002CFA
__end_of_clcd_putch            text8        002ACA
__end_of_clcd_write            text14       002BB4
__end_of_get_msg_id_std        text10       002BEE
__end_of_handle_gear_data      text7        002A9E
__end_of_handle_indicator_data text4        002FD4
__end_of_handle_rpm_data       text3        002AE4
__end_of_handle_speed_data     text2        002AFE
__end_of_init_can              text15       002C2A
__end_of_init_clcd             text13       002B7A
__end_of_init_config           text11       002A8C
__end_of_init_timer0           text12       002AB2
__end_of_main                  text0        002B1E
__end_of_process_canbus_data   text1        002E30
__initialization               cinit        002B1E
__mediumconst                  mediumconst  002FD4
__pbssCOMRAM                   bssCOMRAM    000020
__pcinit                       cinit        002B1E
__pcstackCOMRAM                cstackCOMRAM 000001
__pdataCOMRAM                  dataCOMRAM   000026
__pidataCOMRAM                 idataCOMRAM  003000
__pmediumconst                 mediumconst  002FD4
__ptext0                       text0        002AFE
__ptext1                       text1        002D8E
__ptext10                      text10       002BB4
__ptext11                      text11       002A7A
__ptext12                      text12       002A9E
__ptext13                      text13       002B46
__ptext14                      text14       002B7A
__ptext15                      text15       002BEE
__ptext2                       text2        002AE4
__ptext3                       text3        002ACA
__ptext4                       text4        002E30
__ptext5                       text5        002C8E
__ptext6                       text6        002C2A
__ptext7                       text7        002A8C
__ptext8                       text8        002AB2
__ptext9                       text9        002CFA
__ramtop                       ramtop       000600
__smallconst                   mediumconst  002FD4
_blink                         text6        002C2A
_can_receive                   text9        002CFA
_clcd_print                    text5        002C8E
_clcd_putch                    text8        002AB2
_clcd_write                    text14       002B7A
_get_msg_id_std                text10       002BB4
_handle_gear_data              text7        002A8C
_handle_indicator_data         text4        002E30
_handle_rpm_data               text3        002ACA
_handle_speed_data             text2        002AE4
_init_can                      text15       002BEE
_init_clcd                     text13       002B46
_init_config                   text11       002A7A
_init_timer0                   text12       002A9E
_led_state                     bssCOMRAM    000025
_main                          text0        002AFE
_process_canbus_data           text1        002D8E
_status                        bssCOMRAM    000024
blink@delay                    bssCOMRAM    000022
can_receive@data               cstackCOMRAM 00000A
can_receive@i                  cstackCOMRAM 000011
can_receive@len                cstackCOMRAM 00000B
can_receive@msg_id             cstackCOMRAM 000009
can_receive@ptr                cstackCOMRAM 00000F
clcd_print@addr                cstackCOMRAM 000005
clcd_print@data                cstackCOMRAM 000003
clcd_putch@addr                cstackCOMRAM 000003
clcd_putch@data                cstackCOMRAM 000004
clcd_write@byte                cstackCOMRAM 000002
clcd_write@control_bit         cstackCOMRAM 000001
end_of_initialization          cinit        002B3C
get_msg_id_std@id              cstackCOMRAM 000007
handle_gear_data@data          cstackCOMRAM 000005
handle_gear_data@len           cstackCOMRAM 000006
handle_indicator_data@data     cstackCOMRAM 000006
handle_indicator_data@delay    bssCOMRAM    000020
handle_indicator_data@len      cstackCOMRAM 000007
handle_indicator_data@status   dataCOMRAM   000026
handle_rpm_data@data           cstackCOMRAM 000006
handle_rpm_data@len            cstackCOMRAM 000007
handle_speed_data@data         cstackCOMRAM 000006
handle_speed_data@len          cstackCOMRAM 000007
intlevel0                      text         000000
intlevel1                      text         000000
intlevel2                      text         000000
intlevel3                      text         000000
isa$std                        (abs)        000001
isa$xinst                      (abs)        000000
process_canbus_data@data       cstackCOMRAM 000015
process_canbus_data@len        cstackCOMRAM 00001F
process_canbus_data@msg_id     cstackCOMRAM 00001D
stackhi                        (abs)        000000
stacklo                        (abs)        000000
start                          init         002FFC
start_initialization           cinit        002B1E


MODULE INFORMATION

Module		Function		Class		Link	Load	Size
message_handler.c
		_handle_gear_data		CODE           	2A8C	0000	18
		_handle_speed_data		CODE           	2AE4	0000	26
		_handle_indicator_data		CODE           	2E30	0000	420
		_blink         		CODE           	2C2A	0000	100
		_handle_rpm_data		CODE           	2ACA	0000	26
		_process_canbus_data		CODE           	2D8E	0000	162

message_handler.c estimated size: 752

timer0.c
		_init_timer0   		CODE           	2A9E	0000	20

timer0.c estimated size: 20

shared
		__initialization		CODE           	2B1E	0000	30

shared estimated size: 30

clcd.c
		_clcd_write    		CODE           	2B7A	0000	58
		_clcd_print    		CODE           	2C8E	0000	108
		_clcd_putch    		CODE           	2AB2	0000	24
		_init_clcd     		CODE           	2B46	0000	52

clcd.c estimated size: 242

can.c
		_init_can      		CODE           	2BEE	0000	60
		_can_receive   		CODE           	2CFA	0000	148
		_get_msg_id_std		CODE           	2BB4	0000	58

can.c estimated size: 266

main.c
		_main          		CODE           	2AFE	0000	32
		_init_config   		CODE           	2A7A	0000	18

main.c estimated size: 50

