Microchip MPLAB XC8 Compiler V3.10

Linker command line:

-W-3 \
  --edf=C:\Program Files\Microchip\xc8\v3.10\pic\dat\20250813170317_en.msgs \
  -cn -h+dist/default/production\ECU1.X.production.sym \
  --cmf=dist/default/production\ECU1.X.production.cmf -z -Q18F4580 \
  -oC:\Users\bmeno\AppData\Local\Temp\xcDs63g.3\driver_tmp_3.o \
  --defsym=__MPLAB_BUILD=1 --fixupoverflow=error \
  -Mdist/default/production/ECU1.X.production.map \
  --md=C:\Users\bmeno\AppData\Local\Temp\xcDs63g.3\driver_tmp_0.dat -E1 \
  -ver=XC8 Compiler -ACODE=00h-03000h -ACONST=00h-03000h \
  -ASMALLCONST=0600h-06FFhx42,03000h-03000h -AMEDIUMCONST=0600h-03000h \
  -ACOMRAM=01h-05Fh -AABS1=00h-05FFh -ABIGRAM=01h-05FFh \
  -ARAM=060h-0FFh,0100h-01FFhx5 -ABANK0=060h-0FFh -ABANK1=0100h-01FFh \
  -ABANK2=0200h-02FFh -ABANK3=0300h-03FFh -ABANK4=0400h-04FFh \
  -ABANK5=0500h-05FFh -ASFR=0D00h-0DFFhx2,0F00h-0F5Fh,0F60h-0FFFh \
  -ABIGSFR=0D00h-0FFFh -ACONFIG=0300000h-030000Dh -AIDLOC=0200000h-0200007h \
  -AEEDATA=0F00000h-0F000FFh -peeprom_data=EEDATA \
  -preset_vec=00h,intcode=8h,intcodelo=18h,sivt_lo,sivt_hi=CODE \
  -ppowerup=CODE,init -pramtop=0600h -psmallconst=SMALLCONST \
  -pmediumconst=MEDIUMCONST -pconst=CONST -AFARRAM=00h-00h \
  -prdata=COMRAM,nvrram=COMRAM,nvbit=COMRAM,rbss=COMRAM,rbit=COMRAM \
  -pfarbss=FARRAM,fardata=FARRAM,nvFARRAM=FARRAM \
  -pintsave_regs=BIGRAM,bigbss=BIGRAM,bigdata=BIGRAM -pbss=RAM \
  -pidata=CODE,irdata=CODE,ibigdata=CODE,ifardata=CODE -prparam=COMRAM \
  C:\Users\bmeno\AppData\Local\Temp\xcDs63g.3\driver_tmp_9.o \
  dist/default/production\ECU1.X.production.o 

Object code version is 3.11

Machine type is 18F4580



                Name                               Link     Load   Length Selector   Space Scale
C:\Users\bmeno\AppData\Local\Temp\xcDs63g.3\driver_tmp_9.o
                idloc                            200000   200000        8        0       5
                config                           300000   300000        E        0       4
                init                               2FFC     2FFC        4     17FE       0
                reset_vec                             0        0        4        0       0
dist/default/production\ECU1.X.production.o
                idloc                            200000   200000        8        0       5
                config                           300000   300000        E        0       4
                smallconst                          600      600        2      300       0
                text15                              B5E      B5E       3C      301       0
                text14                              93E      93E       6E      301       0
                text13                              BC2      BC2       1C      301       0
                text12                              B22      B22       3C      301       0
                text11                              BF6      BF6        8      5FB       0
                text10                              BDE      BDE        E      301       0
                text9                               8CC      8CC       72      301       0
                text8                               A16      A16       64      301       0
                text7                               A7A      A7A       62      301       0
                text6                               858      858       74      301       0
                text5                               602      602       C0      301       0
                text4                               6C2      6C2       A4      301       0
                text3                               9AC      9AC       6A      301       0
                text2                               ADC      ADC       46      301       0
                text1                               7E4      7E4       74      301       0
                text0                               766      766       7E      301       0
                cstackCOMRAM                          1        1       27        1       1
                dataCOMRAM                           28       28        9        1       1
                bssCOMRAM                            31       31        1        1       1
                cinit                               B9A      B9A       28      301       0
                idataCOMRAM                         BEC      BEC        9      301       0

TOTAL           Name                               Link     Load   Length     Space
        CLASS   CODE           
                init                               2FFC     2FFC        4         0
                reset_vec                             0        0        4         0
                text15                              B5E      B5E       3C         0
                text14                              93E      93E       6E         0
                text13                              BC2      BC2       1C         0
                text12                              B22      B22       3C         0
                text11                              BF6      BF6        8         0
                text10                              BDE      BDE        E         0
                text9                               8CC      8CC       72         0
                text8                               A16      A16       64         0
                text7                               A7A      A7A       62         0
                text6                               858      858       74         0
                text5                               602      602       C0         0
                text4                               6C2      6C2       A4         0
                text3                               9AC      9AC       6A         0
                text2                               ADC      ADC       46         0
                text1                               7E4      7E4       74         0
                text0                               766      766       7E         0
                cinit                               B9A      B9A       28         0
                idataCOMRAM                         BEC      BEC        9         0

        CLASS   CONST          

        CLASS   SMALLCONST     
                smallconst                          600      600        2         0

        CLASS   MEDIUMCONST    

        CLASS   COMRAM         
                cstackCOMRAM                          1        1       27         1
                dataCOMRAM                           28       28        9         1
                bssCOMRAM                            31       31        1         1

        CLASS   ABS1           

        CLASS   BIGRAM         

        CLASS   RAM            

        CLASS   BANK0          

        CLASS   BANK1          

        CLASS   BANK2          

        CLASS   BANK3          

        CLASS   BANK4          

        CLASS   BANK5          

        CLASS   SFR            

        CLASS   BIGSFR         

        CLASS   CONFIG         
                config                           300000   300000        E         4

        CLASS   IDLOC          
                idloc                            200000   200000        8         5

        CLASS   EEDATA         

        CLASS   FARRAM         

        CLASS   HEAP           

        CLASS   STACK          



SEGMENTS        Name                           Load    Length   Top    Selector   Space  Class

                reset_vec                      000000  000004  000004         0       0  CODE    
                cstackCOMRAM                   000001  000031  000032         1       1  COMRAM  
                smallconst                     000600  000002  000602       300       0  SMALLCON
                text5                          000602  0005F3  000BF5       301       0  CODE    
                text11                         000BF6  000008  000BFE       5FB       0  CODE    
                init                           002FFC  000004  003000      17FE       0  CODE    


UNUSED ADDRESS RANGES

        Name                Unused          Largest block    Delta
        BANK0            000060-0000FF               A0
        BANK1            000100-0001FF              100
        BANK2            000200-0002FF              100
        BANK3            000300-0003FF              100
        BANK4            000400-0004FF              100
        BANK5            000500-0005FF              100
        BIGRAM           000032-0005FF              5CE
        BIGSFR           000D00-000FFF              300
        CODE             000004-0005FF              5FC
                         000BF5-000BF5                1
                         000BFE-002FFB             23FE
                         003000-003000                1
        COMRAM           000032-00005F               2E
        CONST            000004-0005FF              5FC
                         000BF5-000BF5                1
                         000BFE-002FFB             23FE
                         003000-003000                1
        EEDATA           F00000-F000FF              100
        MEDIUMCONST      000BF5-000BF5                1
                         000BFE-002FFB             23FE
                         003000-003000                1
        RAM              000060-0005FF              100
        SFR              000D00-000FFF              100
        SMALLCONST       000BF5-000BF5                1
                         000BFE-002FFB              100
                         003000-003000                1

                                  Symbol Table

?___lldiv                          cstackCOMRAM 00000D
?___lmul                           cstackCOMRAM 000001
?___lwdiv                          cstackCOMRAM 000001
?___lwmod                          cstackCOMRAM 000001
?_get_speed                        cstackCOMRAM 00001A
?_read_adc                         cstackCOMRAM 000001
_ACQT0                             (abs)        007E03
_ACQT1                             (abs)        007E04
_ACQT2                             (abs)        007E05
_ADCON0                            (abs)        000FC2
_ADCS0                             (abs)        007E00
_ADCS1                             (abs)        007E01
_ADCS2                             (abs)        007E02
_ADFM                              (abs)        007E07
_ADON                              (abs)        007E10
_ADRESH                            (abs)        000FC4
_ADRESL                            (abs)        000FC3
_BRG16                             (abs)        007DC3
_BRGCON1                           (abs)        000F70
_BRGCON2                           (abs)        000F71
_BRGCON3                           (abs)        000F72
_BRGH                              (abs)        007D62
_CANCON                            (abs)        000F6F
_CANSTAT                           (abs)        000F6E
_CREN                              (abs)        007D5C
_ECANCON                           (abs)        000F77
_GO                                (abs)        007E11
_GODONE                            (abs)        007E11
_PORTC                             (abs)        000F82
_RCIF                              (abs)        007CF5
_RCREG                             (abs)        000FAE
_RX9                               (abs)        007D5E
_RXB0CON                           (abs)        000F60
_RXB0CONbits                       (abs)        000F60
_RXB0D0                            (abs)        000F66
_RXB0DLC                           (abs)        000F65
_RXB0FUL                           (abs)        007B07
_RXB0IF                            (abs)        007D20
_RXB0SIDH                          (abs)        000F61
_RXB0SIDL                          (abs)        000F62
_RXFCON0                           (abs)        000DD4
_SENDB                             (abs)        007D63
_SPBRG                             (abs)        000FAF
_SPEN                              (abs)        007D5F
_SYNC                              (abs)        007D64
_TRISB2                            (abs)        007C9A
_TRISB3                            (abs)        007C9B
_TRISC                             (abs)        000F94
_TRISC6                            (abs)        007CA6
_TRISC7                            (abs)        007CA7
_TX9                               (abs)        007D66
_TXB0D0                            (abs)        000F46
_TXB0DLC                           (abs)        000F45
_TXB0EIDH                          (abs)        000F43
_TXB0EIDL                          (abs)        000F44
_TXB0REQ                           (abs)        007A03
_TXB0SIDH                          (abs)        000F41
_TXB0SIDL                          (abs)        000F42
_TXEN                              (abs)        007D65
_TXIF                              (abs)        007CF4
_TXREG                             (abs)        000FAD
_VCFG0                             (abs)        007E0C
_VCFG1                             (abs)        007E0D
__HRAM                             (abs)        000000
__H__absolute__                    __absolute__ 000000
__Habs1                            abs1         000000
__Hbank0                           bank0        000000
__Hbank1                           bank1        000000
__Hbank2                           bank2        000000
__Hbank3                           bank3        000000
__Hbank4                           bank4        000000
__Hbank5                           bank5        000000
__Hbigbss                          bigbss       000000
__Hbigdata                         bigdata      000000
__Hbigram                          bigram       000000
__Hbigsfr                          bigsfr       000000
__Hbss                             bss          000000
__HbssCOMRAM                       bssCOMRAM    000000
__Hcinit                           cinit        000000
__Hclrtext                         clrtext      000000
__Hcomram                          comram       000000
__Hconfig                          config       30000E
__Hconst                           const        000000
__HcstackCOMRAM                    cstackCOMRAM 000000
__Hdata                            data         000000
__HdataCOMRAM                      dataCOMRAM   000000
__Heeprom_data                     eeprom_data  000000
__Hfarbss                          farbss       000000
__Hfardata                         fardata      000000
__Hheap                            heap         000000
__Hibigdata                        ibigdata     000000
__Hidata                           idata        000000
__HidataCOMRAM                     idataCOMRAM  000000
__Hidloc                           idloc        200008
__Hifardata                        ifardata     000000
__Hinit                            init         003000
__Hintcode                         intcode      000008
__Hintcode_body                    intcode_body 000000
__Hintcodelo                       intcodelo    000018
__Hintentry                        intentry     000000
__Hintret                          intret       000000
__Hintsave_regs                    intsave_regs 000000
__Hirdata                          irdata       000000
__Hmediumconst                     mediumconst  000000
__HnvFARRAM                        nvFARRAM     000000
__Hnvbit                           nvbit        000000
__Hnvrram                          nvrram       000000
__Hparam                           rparam       000000
__Hpowerup                         powerup      000000
__Hram                             ram          000000
__Hramtop                          ramtop       000600
__Hrbit                            rbit         000000
__Hrbss                            rbss         000000
__Hrdata                           rdata        000000
__Hreset_vec                       reset_vec    000004
__Hrparam                          rparam       000000
__Hsfr                             sfr          000000
__Hsivt_hi                         sivt_hi      000000
__Hsivt_lo                         sivt_lo      000018
__Hsmallconst                      smallconst   000602
__Hspace_0                         (abs)        003000
__Hspace_1                         (abs)        000032
__Hspace_2                         (abs)        000000
__Hspace_4                         (abs)        60000E
__Hstack                           stack        000000
__Hstruct                          struct       000000
__Htemp                            temp         000000
__Htext                            text         000000
__Htext0                           text0        000000
__Htext1                           text1        000000
__Htext10                          text10       000000
__Htext11                          text11       000000
__Htext12                          text12       000000
__Htext13                          text13       000000
__Htext14                          text14       000000
__Htext15                          text15       000000
__Htext2                           text2        000000
__Htext3                           text3        000000
__Htext4                           text4        000000
__Htext5                           text5        000000
__Htext6                           text6        000000
__Htext7                           text7        000000
__Htext8                           text8        000000
__Htext9                           text9        000000
__LRAM                             (abs)        000001
__L__absolute__                    __absolute__ 000000
__Labs1                            abs1         000000
__Lbank0                           bank0        000000
__Lbank1                           bank1        000000
__Lbank2                           bank2        000000
__Lbank3                           bank3        000000
__Lbank4                           bank4        000000
__Lbank5                           bank5        000000
__Lbigbss                          bigbss       000000
__Lbigdata                         bigdata      000000
__Lbigram                          bigram       000000
__Lbigsfr                          bigsfr       000000
__Lbss                             bss          000000
__LbssCOMRAM                       bssCOMRAM    000000
__Lcinit                           cinit        000000
__Lclrtext                         clrtext      000000
__Lcomram                          comram       000000
__Lconfig                          config       000000
__Lconst                           const        000000
__LcstackCOMRAM                    cstackCOMRAM 000000
__Ldata                            data         000000
__LdataCOMRAM                      dataCOMRAM   000000
__Leeprom_data                     eeprom_data  000000
__Lfarbss                          farbss       000000
__Lfardata                         fardata      000000
__Lheap                            heap         000000
__Libigdata                        ibigdata     000000
__Lidata                           idata        000000
__LidataCOMRAM                     idataCOMRAM  000000
__Lidloc                           idloc        000000
__Lifardata                        ifardata     000000
__Linit                            init         002FFC
__Lintcode                         intcode      000008
__Lintcode_body                    intcode_body 000000
__Lintcodelo                       intcodelo    000018
__Lintentry                        intentry     000000
__Lintret                          intret       000000
__Lintsave_regs                    intsave_regs 000000
__Lirdata                          irdata       000000
__Lmediumconst                     mediumconst  000000
__LnvFARRAM                        nvFARRAM     000000
__Lnvbit                           nvbit        000000
__Lnvrram                          nvrram       000000
__Lparam                           rparam       000000
__Lpowerup                         powerup      000000
__Lram                             ram          000000
__Lramtop                          ramtop       000600
__Lrbit                            rbit         000000
__Lrbss                            rbss         000000
__Lrdata                           rdata        000000
__Lreset_vec                       reset_vec    000000
__Lrparam                          rparam       000000
__Lsfr                             sfr          000000
__Lsivt_hi                         sivt_hi      000000
__Lsivt_lo                         sivt_lo      000018
__Lsmallconst                      smallconst   000600
__Lspace_0                         (abs)        000000
__Lspace_1                         (abs)        000000
__Lspace_2                         (abs)        000000
__Lspace_4                         (abs)        000000
__Lstack                           stack        000000
__Lstruct                          struct       000000
__Ltemp                            temp         000000
__Ltext                            text         000000
__Ltext0                           text0        000000
__Ltext1                           text1        000000
__Ltext10                          text10       000000
__Ltext11                          text11       000000
__Ltext12                          text12       000000
__Ltext13                          text13       000000
__Ltext14                          text14       000000
__Ltext15                          text15       000000
__Ltext2                           text2        000000
__Ltext3                           text3        000000
__Ltext4                           text4        000000
__Ltext5                           text5        000000
__Ltext6                           text6        000000
__Ltext7                           text7        000000
__Ltext8                           text8        000000
__Ltext9                           text9        000000
__S0                               (abs)        003000
__S1                               (abs)        000032
__S4                               (abs)        000000
__S5                               (abs)        000000
___heap_hi                         (abs)        000000
___heap_lo                         (abs)        000000
___inthi_sp                        stack        000000
___inthi_stack_hi                  stack        000000
___inthi_stack_lo                  stack        000000
___intlo_sp                        stack        000000
___intlo_stack_hi                  stack        000000
___intlo_stack_lo                  stack        000000
___lldiv                           text4        0006C2
___lldiv@counter                   cstackCOMRAM 000019
___lldiv@dividend                  cstackCOMRAM 00000D
___lldiv@divisor                   cstackCOMRAM 000011
___lldiv@quotient                  cstackCOMRAM 000015
___lmul                            text3        0009AC
___lmul@multiplicand               cstackCOMRAM 000005
___lmul@multiplier                 cstackCOMRAM 000001
___lmul@product                    cstackCOMRAM 000009
___lwdiv                           text9        0008CC
___lwdiv@counter                   cstackCOMRAM 000007
___lwdiv@dividend                  cstackCOMRAM 000001
___lwdiv@divisor                   cstackCOMRAM 000003
___lwdiv@quotient                  cstackCOMRAM 000005
___lwmod                           text8        000A16
___lwmod@counter                   cstackCOMRAM 000005
___lwmod@dividend                  cstackCOMRAM 000001
___lwmod@divisor                   cstackCOMRAM 000003
___param_bank                      (abs)        000000
___rparam_used                     (abs)        000001
___sp                              stack        000000
___stack_hi                        stack        000000
___stack_lo                        stack        000000
__accesstop                        (abs)        000060
__activetblptr                     (abs)        000000
__end_of___lldiv                   text4        000766
__end_of___lmul                    text3        000A16
__end_of___lwdiv                   text9        00093E
__end_of___lwmod                   text8        000A7A
__end_of__initialization           cinit        000BBC
__end_of_can_transmit              text14       0009AC
__end_of_config                    text10       000BEC
__end_of_convert_speed             text7        000ADC
__end_of_get_gear_pos              text5        0006C2
__end_of_get_speed                 text1        000858
__end_of_init_adc                  text13       000BDE
__end_of_init_can                  text12       000B5E
__end_of_init_digital_keypad       text11       000BFE
__end_of_main                      text0        0007E4
__end_of_read_adc                  text2        000B22
__end_of_read_digital_keypad       text6        0008CC
__end_of_set_msg_id_std            text15       000B9A
__initialization                   cinit        000B9A
__mediumconst                      smallconst   000600
__pbssCOMRAM                       bssCOMRAM    000031
__pcinit                           cinit        000B9A
__pcstackCOMRAM                    cstackCOMRAM 000001
__pdataCOMRAM                      dataCOMRAM   000028
__pidataCOMRAM                     idataCOMRAM  000BEC
__psmallconst                      smallconst   000600
__ptext0                           text0        000766
__ptext1                           text1        0007E4
__ptext10                          text10       000BDE
__ptext11                          text11       000BF6
__ptext12                          text12       000B22
__ptext13                          text13       000BC2
__ptext14                          text14       00093E
__ptext15                          text15       000B5E
__ptext2                           text2        000ADC
__ptext3                           text3        0009AC
__ptext4                           text4        0006C2
__ptext5                           text5        000602
__ptext6                           text6        000858
__ptext7                           text7        000A7A
__ptext8                           text8        000A16
__ptext9                           text9        0008CC
__ramtop                           ramtop       000600
__smallconst                       smallconst   000600
_can_transmit                      text14       00093E
_config                            text10       000BDE
_convert_speed                     text7        000A7A
_gear_pos                          dataCOMRAM   000028
_get_gear_pos                      text5        000602
_get_speed                         text1        0007E4
_init_adc                          text13       000BC2
_init_can                          text12       000B22
_init_digital_keypad               text11       000BF6
_main                              text0        000766
_read_adc                          text2        000ADC
_read_digital_keypad               text6        000858
_set_msg_id_std                    text15       000B5E
can_transmit@data                  cstackCOMRAM 000007
can_transmit@i                     cstackCOMRAM 00000E
can_transmit@len                   cstackCOMRAM 000008
can_transmit@msg_id                cstackCOMRAM 000005
can_transmit@ptr                   cstackCOMRAM 00000C
convert_speed@buffer               cstackCOMRAM 00000A
convert_speed@i                    cstackCOMRAM 00000B
convert_speed@speed                cstackCOMRAM 000008
end_of_initialization              cinit        000BBC
get_gear_pos@gear                  bssCOMRAM    000031
get_gear_pos@key                   cstackCOMRAM 000002
get_speed@speed                    cstackCOMRAM 00001C
intlevel0                          text         000000
intlevel1                          text         000000
intlevel2                          text         000000
intlevel3                          text         000000
isa$std                            (abs)        000001
isa$xinst                          (abs)        000000
main@gear                          cstackCOMRAM 000027
main@speed                         cstackCOMRAM 000025
main@speed_str                     cstackCOMRAM 000022
read_adc@channel                   cstackCOMRAM 000007
read_adc@reg_val                   cstackCOMRAM 000005
read_digital_keypad@detection_type cstackCOMRAM 000001
read_digital_keypad@once           dataCOMRAM   000030
set_msg_id_std@id                  cstackCOMRAM 000001
stackhi                            (abs)        000000
stacklo                            (abs)        000000
start                              init         002FFC
start_initialization               cinit        000B9A


MODULE INFORMATION

Module		Function		Class		Link	Load	Size
digital_keypad.c
		_init_digital_keypad		CODE           	0BF6	0000	8
		_read_digital_keypad		CODE           	0858	0000	116

digital_keypad.c estimated size: 124

C:\Program Files\Microchip\xc8\v3.10\pic\sources\c99\common\lwmod.c
		___lwmod       		CODE           	0A16	0000	100

C:\Program Files\Microchip\xc8\v3.10\pic\sources\c99\common\lwmod.c estimated size: 100

C:\Program Files\Microchip\xc8\v3.10\pic\sources\c99\common\Umul32.c
		___lmul        		CODE           	09AC	0000	106

C:\Program Files\Microchip\xc8\v3.10\pic\sources\c99\common\Umul32.c estimated size: 106

ecu1_main.c
		_main          		CODE           	0766	0000	126
		_config        		CODE           	0BDE	0000	14
		_convert_speed 		CODE           	0A7A	0000	98

ecu1_main.c estimated size: 238

C:\Program Files\Microchip\xc8\v3.10\pic\sources\c99\common\lwdiv.c
		___lwdiv       		CODE           	08CC	0000	114

C:\Program Files\Microchip\xc8\v3.10\pic\sources\c99\common\lwdiv.c estimated size: 114

adc.c
		_init_adc      		CODE           	0BC2	0000	28
		_read_adc      		CODE           	0ADC	0000	70

adc.c estimated size: 98

shared
		__initialization		CODE           	0B9A	0000	34

shared estimated size: 34

ecu1_sensor.c
		_get_speed     		CODE           	07E4	0000	116
		_get_gear_pos  		CODE           	0602	0000	192

ecu1_sensor.c estimated size: 308

can.c
		_set_msg_id_std		CODE           	0B5E	0000	60
		_can_transmit  		CODE           	093E	0000	110
		_init_can      		CODE           	0B22	0000	60

can.c estimated size: 230

C:\Program Files\Microchip\xc8\v3.10\pic\sources\c99\common\__lldiv.c
		___lldiv       		CODE           	06C2	0000	164

C:\Program Files\Microchip\xc8\v3.10\pic\sources\c99\common\__lldiv.c estimated size: 164

